// Jest Snapshot v1, https://goo.gl/fbAQLP

exports[`Pruebas en el entry view Debe mostrar la entrada correctamente 1`] = `
<div class="entry-title d-flex justify-content-between p-2">
  <div><span class="text-sucess fs-3 fw-bold">9</span><span class="mx-1 fs-3">Enero</span><span class="mx-2 fs-4 f2-light">2023, Lunes</span></div>
  <div><input type="file" accept="image/png, image/jpeg, image/jpg" style="display: none;"><button class="btn btn-danger mx-2"> Borrar <i class="fa fa-trash-alt"></i></button><button class="btn btn-primary"> Subir foto <i class="fa fa-upload"></i></button></div>
</div>
<hr>
<div class="d-flex flex-column px-3 h-75"><textarea placeholder="¿Qué sucedió hoy?"></textarea></div>
<img src="https://res.cloudinary.com/dstyfk698/image/upload/v1673285980/dailybook/sdgkulkge2nm9dvnkoop.jpg" alt="entry-picture" class="img-thumbnail">
<!--v-if-->
<fab-stub icon="fa-save"></fab-stub>
`;
